+-------------------------------+---------+
| Name                          | Status  |
+-------------------------------+---------+
| batch-worker-with-a-long-name | ERROR   |
| web-01                        | ACTIVE  |
| db-01                         | SHUTOFF |
+-------------------------------+---------+
