+------------+-------------------------------------------------------------+
| Name       | User Data                                                   |
+------------+-------------------------------------------------------------+
| cloud-init | <1600 bytes; use -f yaml or -c <column> to show full value> |
| empty      |                                                             |
+------------+-------------------------------------------------------------+
