+------------------+---------------------+------+
| Name             | Records             | TTL  |
+------------------+---------------------+------+
| example.com.     | ns1.example.com.    | 3600 |
|                  | ns2.example.com.    |      |
|                  | ns3.example.com.    |      |
| sub.example.com. | single.example.com. | 300  |
+------------------+---------------------+------+
