+------+--------------------+-----------+--------+
| Zone | Название           | 区域        | Note   |
+------+--------------------+-----------+--------+
| az-1 | Зона доступности 1 | 北京区域一     | ok     |
| az-2 | Зона-2             | 東京        | флаг ✅ |
| az-3 | З                  | 上海自由贸易试验区 | -      |
+------+--------------------+-----------+--------+
