+----------+----------+---------+----------+----------+----------+----------+----------+------+
| ID       | Name     | Status  | Networks | Image    | Flavor   | Created  | Metadata | Size |
|          |          |         |          |          |          | At       |          |      |
+----------+----------+---------+----------+----------+----------+----------+----------+------+
| 11111111 | web-01   | ACTIVE  | private= | ubuntu-2 | m1.small | 2026-03- | env='pro | 20   |
| -1111-41 |          |         | 192.0.2. | 2.04     |          | 14T09:26 | d',      |      |
| 11-8111- |          |         | 11,      |          |          | :53.589+ | role='we |      |
| 11111111 |          |         | public=1 |          |          | 00:00    | b'       |      |
| 1111     |          |         | 98.51.10 |          |          |          |          |      |
|          |          |         | 0.11     |          |          |          |          |      |
| 22222222 | db-01    | SHUTOFF | private= |          | m1.large |          |          | 100  |
| -2222-42 |          |         | 192.0.2. |          |          |          |          |      |
| 22-8222- |          |         | 12       |          |          |          |          |      |
| 22222222 |          |         |          |          |          |          |          |      |
| 2222     |          |         |          |          |          |          |          |      |
| 33333333 | batch-wo | ERROR   |          | centos-s | c4.xlarg | 2026-03- |          | 9    |
| -3333-43 | rker-wit |         |          | tream-9  | e        | 14T09:26 |          |      |
| 33-8333- | h-a-long |         |          |          |          | :53.589+ |          |      |
| 33333333 | -name    |         |          |          |          | 00:00    |          |      |
| 3333     |          |         |          |          |          |          |          |      |
+----------+----------+---------+----------+----------+----------+----------+----------+------+
