+-----------+-------------------------------------------------------------+
| Field     | Value                                                       |
+-----------+-------------------------------------------------------------+
| name      | cloud-init                                                  |
| user_data | <1200 bytes; use -f yaml or -c <column> to show full value> |
+-----------+-------------------------------------------------------------+
